// Jest Snapshot v1, https://goo.gl/fbAQLP

exports[`DeleteDialog.vue  1`] = `<div role="dialog" class="v-dialog__container"></div>`;
