// Jest Snapshot v1, https://goo.gl/fbAQLP

exports[`App.vue  1`] = `
<div data-app="true" class="v-application v-application--is-ltr theme--light" id="app">
  <div class="v-application--wrap">
    <main class="v-main" style="padding: 0px 0px 0px 0px;">
      <div class="v-main__wrap">
        <div>
          <!---->
        </div>
      </div>
    </main>
  </div>
</div>
`;
